Первая задача :
Сейчас - 20/Jun/2023:21:35:41
Проверяемое время лога с 14/Aug/2019:04:12:10 до 15/Aug/2019:00:25:46 -
Найдено несколько ip из файла access.log с количеством запросов > 10
39 запросов от ip: 109.236.252.130
22 запросов от ip: 148.251.223.21
12 запросов от ip: 162.243.13.195
12 запросов от ip: 185.142.236.35
20 запросов от ip: 185.6.8.9
33 запросов от ip: 188.43.241.106
37 запросов от ip: 212.57.117.19
17 запросов от ip: 217.118.66.161
12 запросов от ip: 62.210.252.196
24 запросов от ip: 62.75.198.172
31 запросов от ip: 87.250.233.68
45 запросов от ip: 93.158.167.130
12 запросов от ip: 95.108.181.93
16 запросов от ip: 95.165.18.146
----------------------------------------------
Вторая задача :
Ищем URL'ы с количеством запросов > 5
11 штук запросов адреса: http://www.bing.com
124 штук запросов адреса: http://yandex.com
166 штук запросов адреса: https://dbadmins.ru
16 штук запросов адреса: http://dbadmins.ru
20 штук запросов адреса: http://www.domaincrawler.com
21 штук запросов адреса: http://www.semrush.com
9 штук запросов адреса: http://www.google.com
----------------------------------------------
Третья и читвёртая задачи :
Если мы видим это сообщение, значит скрипт начал работать!!!
Ошибки запросов с 14/Aug/2019:04:12:10 до 15/Aug/2019:00:25:46 -
Это файл ./tmp - коды возврата ошибок -
301
304
400
403
404
405
499
500
----------------------------------------------------
А это ./tmpall - все коды возврата -
200
301
304
400
403
404
405
499
500
----------------------------------------------
Пятая задача (Список всех кодов HTTP ответа с указанием их кол-ва с момента последнего запуска скрипта):
     11 "-"
    498 200
     95 301
      1 304
      7 400
      1 403
     51 404
      1 405
      2 499
      3 500
